Models — ↑↓ / PgUp PgDn / Enter
Search:
> AionLabs: Aion 3.5 | aion-labs/aion-3.5 | 262144 ctx | in $3 / 1M tokens | out $6 / 1M tokens
  AionLabs: Aion 3.5 Mini | aion-labs/aion-3.5-mini | 262144 ctx | in $0.70 / 1M tokens | out $1.40…
  AionLabs: Aion-2.0 | aion-labs/aion-2.0 | 131072 ctx | in $0.80 / 1M tokens | out $1.60 / 1M toke…
  AionLabs: Aion-3.0 | aion-labs/aion-3.0 | 131072 ctx | in $3 / 1M tokens | out $6 / 1M tokens
  AionLabs: Aion-3.0-Mini | aion-labs/aion-3.0-mini | 131072 ctx | in $0.70 / 1M tokens | out $1.40…
  Amazon: Nova 2 Lite | amazon/nova-2-lite-v1 | 1000000 ctx | in $0.30 / 1M tokens | out $2.50 / 1M…
  Amazon: Nova Lite 1.0 | amazon/nova-lite-v1 | 300000 ctx | in $0.06 / 1M tokens | out $0.24 / 1M …
  Amazon: Nova Micro 1.0 | amazon/nova-micro-v1 | 128000 ctx | in $0.035 / 1M tokens | out $0.14 / …
  Amazon: Nova Premier 1.0 | amazon/nova-premier-v1 | 1000000 ctx | in $2.50 / 1M tokens | out $12.…
  Amazon: Nova Pro 1.0 | amazon/nova-pro-v1 | 300000 ctx | in $0.80 / 1M tokens | out $3.20 / 1M to…
  Anthropic: Claude Fable 5 | anthropic/claude-fable-5 | 1000000 ctx | in $10 / 1M tokens | out $50…
  Anthropic: Claude Fable 5 (batch) | anthropic/claude-fable-5:batch | 1000000 ctx | in $5 / 1M tok…
  Anthropic: Claude Fable 5.1 | anthropic/claude-fable-5.1 | 1000000 ctx | in $10 / 1M tokens | out…
  Anthropic: Claude Fable 5.1 (batch) | anthropic/claude-fable-5.1:batch | 1000000 ctx | in $5 / 1M…
  Anthropic: Claude Haiku 4.5 | anthropic/claude-haiku-4.5 | 200000 ctx | in $1 / 1M tokens | out $…
  Anthropic: Claude Haiku 4.5 (batch) | anthropic/claude-haiku-4.5:batch | 200000 ctx | in $0.50 / …
  Anthropic: Claude Opus 4.1 | anthropic/claude-opus-4.1 | 200000 ctx | in $15 / 1M tokens | out $7…
  Anthropic: Claude Opus 4.1 (batch) | anthropic/claude-opus-4.1:batch | 200000 ctx | in $7.50 / 1M…
  Anthropic: Claude Opus 4.5 | anthropic/claude-opus-4.5 | 200000 ctx | in $5 / 1M tokens | out $25…
  Anthropic: Claude Opus 4.5 (batch) | anthropic/claude-opus-4.5:batch | 200000 ctx | in $2.50 / 1M…
  Anthropic: Claude Opus 4.6 | anthropic/claude-opus-4.6 | 1000000 ctx | in $5 / 1M tokens | out $2…
  Anthropic: Claude Opus 4.6 (batch) | anthropic/claude-opus-4.6:batch | 1000000 ctx | in $2.50 / 1…
  Anthropic: Claude Opus 4.7 | anthropic/claude-opus-4.7 | 1000000 ctx | in $5 / 1M tokens | out $2…
  Anthropic: Claude Opus 4.7 (batch) | anthropic/claude-opus-4.7:batch | 1000000 ctx | in $2.50 / 1…
  Anthropic: Claude Opus 4.8 | anthropic/claude-opus-4.8 | 1000000 ctx | in $5 / 1M tokens | out $2…
[Close Esc]
Status: idle
